// Vitest Snapshot v1, https://vitest.dev/guide/snapshot.html

exports[`instrumentGraphQLCollection > matches the golden snapshot of generated assertions 1`] = `
[
  {
    "exec": "var gqlBody = (function () { try { return pm.response.json() || {}; } catch (e) { return {}; } })();
pm.test("[query lineByMsisdn] HTTP transport is ok", function () {
    pm.expect(pm.response.code, "GraphQL responses are HTTP 200 even when the data field carries errors").to.be.below(500);
});
pm.test("[query lineByMsisdn] GraphQL-over-HTTP media type and status are consistent", function () {
    var contentType = ((pm.response.headers && pm.response.headers.get && pm.response.headers.get("Content-Type")) || "").toLowerCase();
    var mediaType = contentType.split(";")[0].trim();
    if (!mediaType) return;
    if (mediaType !== "application/graphql-response+json" && mediaType !== "application/json") { pm.expect.fail("GraphQL-over-HTTP responses use application/graphql-response+json or application/json; got: " + (mediaType || "<missing>")); }
    var wellFormed = gqlBody.data !== undefined || Array.isArray(gqlBody.errors);
    if (mediaType === "application/graphql-response+json" && pm.response.code >= 200 && pm.response.code < 300 && !wellFormed) { pm.expect.fail("application/graphql-response+json forbids a 2xx status when the body is not a well-formed GraphQL response"); }
    if (mediaType === "application/json" && gqlBody.data !== undefined && gqlBody.data !== null && pm.response.code !== 200) { pm.expect.fail("a GraphQL response carrying data over application/json must be HTTP 200; got " + pm.response.code); }
});
pm.test("[query lineByMsisdn] GraphQL response map follows the spec response format", function () {
    var extraKeys = Object.keys(gqlBody).filter(function (key) { return key !== "data" && key !== "errors" && key !== "extensions"; });
    if (extraKeys.length > 0) pm.expect.fail("the GraphQL response map must not contain entries other than data, errors, and extensions (GraphQL spec 7.1): " + extraKeys.join(", "));
    if (Object.prototype.hasOwnProperty.call(gqlBody, "extensions") && (typeof gqlBody.extensions !== "object" || gqlBody.extensions === null || Array.isArray(gqlBody.extensions))) pm.expect.fail("the GraphQL extensions entry must be a map (GraphQL spec 7.1)");
    if (!Object.prototype.hasOwnProperty.call(gqlBody, "data") && (!Array.isArray(gqlBody.errors) || gqlBody.errors.length === 0)) pm.expect.fail("a GraphQL request-error result (no data entry) must carry a non-empty errors list (GraphQL spec 7.1)");
});
pm.test("[query lineByMsisdn] GraphQL errors are well-formed and not a total failure", function () {
    var errors = gqlBody.errors;
    if (errors === undefined || errors === null) return;
    pm.expect(errors, "GraphQL 'errors' must be an array when present").to.be.an("array");
    errors.forEach(function (err, errIndex) {
      pm.expect(err, "each GraphQL error must carry a message").to.be.an("object").that.has.property("message");
      if (typeof err.message !== "string") pm.expect.fail("errors[" + errIndex + "].message must be a string (GraphQL spec 7.1.2)");
      if (err.locations !== undefined && err.locations !== null) {
        if (!Array.isArray(err.locations)) { pm.expect.fail("errors[" + errIndex + "].locations must be a list (GraphQL spec 7.1.2)"); return; }
        err.locations.forEach(function (loc, locIndex) {
          var locLabel = "errors[" + errIndex + "].locations[" + locIndex + "]";
          if (!loc || typeof loc !== "object" || Array.isArray(loc)) { pm.expect.fail(locLabel + " must be a map with line and column (GraphQL spec 7.1.2)"); return; }
          if (!Number.isInteger(loc.line) || loc.line < 1 || !Number.isInteger(loc.column) || loc.column < 1) pm.expect.fail(locLabel + " line and column must be positive integers starting from 1 (GraphQL spec 7.1.2)");
        });
      }
      if (err.path !== undefined && err.path !== null) {
        if (!Array.isArray(err.path)) { pm.expect.fail("errors[" + errIndex + "].path must be a list of path segments (GraphQL spec 7.1.2)"); return; }
        err.path.forEach(function (segment, segIndex) { if (typeof segment !== "string" && !Number.isInteger(segment)) pm.expect.fail("errors[" + errIndex + "].path[" + segIndex + "] must be a string field name or an integer list index (GraphQL spec 7.1.2)"); });
      }
      if (err.extensions !== undefined && err.extensions !== null && (typeof err.extensions !== "object" || Array.isArray(err.extensions))) pm.expect.fail("errors[" + errIndex + "].extensions must be a map (GraphQL spec 7.1.2)");
    });
    var hasData = gqlBody.data !== undefined && gqlBody.data !== null;
    if (!hasData && errors.length > 0) { pm.expect.fail("GraphQL request returned errors and no data: " + JSON.stringify(errors)); }
});
pm.test("[query lineByMsisdn] data.lineByMsisdn is present", function () {
    pm.expect(gqlBody.data, "response has no data object").to.exist;
    pm.expect(gqlBody.data, "data is missing field 'lineByMsisdn'").to.have.property("lineByMsisdn");
});
pm.test("[query lineByMsisdn] data.lineByMsisdn matches schema return type", function () {
    var value = gqlBody.data && gqlBody.data["lineByMsisdn"];
    if (value === undefined || value === null) return;
    pm.expect(value, "query.lineByMsisdn: expected Line object").to.be.an("object");
    pm.expect(value, "Line is missing non-null field 'id'").to.have.property("id");
    pm.expect(value["id"], "Line.id is declared non-null but was null").to.not.be.null;
    if (value["id"] !== undefined && value["id"] !== null) {
        pm.expect(value["id"], "query.lineByMsisdn.id: expected ID scalar (serialized as a string)").to.be.a("string");
    }
    pm.expect(value, "Line is missing non-null field 'msisdn'").to.have.property("msisdn");
    pm.expect(value["msisdn"], "Line.msisdn is declared non-null but was null").to.not.be.null;
    if (value["msisdn"] !== undefined && value["msisdn"] !== null) {
        pm.expect(value["msisdn"], "query.lineByMsisdn.msisdn: expected String scalar (serialized as a string)").to.be.a("string");
    }
    pm.expect(value, "Line is missing non-null field 'status'").to.have.property("status");
    pm.expect(value["status"], "Line.status is declared non-null but was null").to.not.be.null;
    if (value["status"] !== undefined && value["status"] !== null) {
        pm.expect(value["status"], "query.lineByMsisdn.status: expected enum LineStatus as string").to.be.a("string");
        pm.expect(value["status"], "query.lineByMsisdn.status: value is not a member of enum LineStatus").to.be.oneOf(["ACTIVE","SUSPENDED","PORTING"]);
    }
});
pm.test("[query lineByMsisdn] required variables are supplied", function () {
    var body = (pm.request && pm.request.body) || {};
    var raw = (body.graphql && body.graphql.variables) || body.raw || {};
    var vars = {};
    try { vars = typeof raw === "string" ? (raw ? JSON.parse(raw) : {}) : raw; }
    catch (e) { vars = {}; }
    if (vars && vars.variables !== undefined) { vars = vars.variables; }
    if (typeof vars === "string") { try { vars = JSON.parse(vars); } catch (e2) { vars = {}; } }
    var required = ["msisdn"];
    required.forEach(function (name) {
        pm.expect(vars, "required GraphQL variable '" + name + "' was not supplied in the request").to.have.property(name);
    });
});",
    "id": "query.lineByMsisdn",
  },
  {
    "exec": "var gqlBody = (function () { try { return pm.response.json() || {}; } catch (e) { return {}; } })();
pm.test("[query plans] HTTP transport is ok", function () {
    pm.expect(pm.response.code, "GraphQL responses are HTTP 200 even when the data field carries errors").to.be.below(500);
});
pm.test("[query plans] GraphQL-over-HTTP media type and status are consistent", function () {
    var contentType = ((pm.response.headers && pm.response.headers.get && pm.response.headers.get("Content-Type")) || "").toLowerCase();
    var mediaType = contentType.split(";")[0].trim();
    if (!mediaType) return;
    if (mediaType !== "application/graphql-response+json" && mediaType !== "application/json") { pm.expect.fail("GraphQL-over-HTTP responses use application/graphql-response+json or application/json; got: " + (mediaType || "<missing>")); }
    var wellFormed = gqlBody.data !== undefined || Array.isArray(gqlBody.errors);
    if (mediaType === "application/graphql-response+json" && pm.response.code >= 200 && pm.response.code < 300 && !wellFormed) { pm.expect.fail("application/graphql-response+json forbids a 2xx status when the body is not a well-formed GraphQL response"); }
    if (mediaType === "application/json" && gqlBody.data !== undefined && gqlBody.data !== null && pm.response.code !== 200) { pm.expect.fail("a GraphQL response carrying data over application/json must be HTTP 200; got " + pm.response.code); }
});
pm.test("[query plans] GraphQL response map follows the spec response format", function () {
    var extraKeys = Object.keys(gqlBody).filter(function (key) { return key !== "data" && key !== "errors" && key !== "extensions"; });
    if (extraKeys.length > 0) pm.expect.fail("the GraphQL response map must not contain entries other than data, errors, and extensions (GraphQL spec 7.1): " + extraKeys.join(", "));
    if (Object.prototype.hasOwnProperty.call(gqlBody, "extensions") && (typeof gqlBody.extensions !== "object" || gqlBody.extensions === null || Array.isArray(gqlBody.extensions))) pm.expect.fail("the GraphQL extensions entry must be a map (GraphQL spec 7.1)");
    if (!Object.prototype.hasOwnProperty.call(gqlBody, "data") && (!Array.isArray(gqlBody.errors) || gqlBody.errors.length === 0)) pm.expect.fail("a GraphQL request-error result (no data entry) must carry a non-empty errors list (GraphQL spec 7.1)");
});
pm.test("[query plans] GraphQL errors are well-formed and not a total failure", function () {
    var errors = gqlBody.errors;
    if (errors === undefined || errors === null) return;
    pm.expect(errors, "GraphQL 'errors' must be an array when present").to.be.an("array");
    errors.forEach(function (err, errIndex) {
      pm.expect(err, "each GraphQL error must carry a message").to.be.an("object").that.has.property("message");
      if (typeof err.message !== "string") pm.expect.fail("errors[" + errIndex + "].message must be a string (GraphQL spec 7.1.2)");
      if (err.locations !== undefined && err.locations !== null) {
        if (!Array.isArray(err.locations)) { pm.expect.fail("errors[" + errIndex + "].locations must be a list (GraphQL spec 7.1.2)"); return; }
        err.locations.forEach(function (loc, locIndex) {
          var locLabel = "errors[" + errIndex + "].locations[" + locIndex + "]";
          if (!loc || typeof loc !== "object" || Array.isArray(loc)) { pm.expect.fail(locLabel + " must be a map with line and column (GraphQL spec 7.1.2)"); return; }
          if (!Number.isInteger(loc.line) || loc.line < 1 || !Number.isInteger(loc.column) || loc.column < 1) pm.expect.fail(locLabel + " line and column must be positive integers starting from 1 (GraphQL spec 7.1.2)");
        });
      }
      if (err.path !== undefined && err.path !== null) {
        if (!Array.isArray(err.path)) { pm.expect.fail("errors[" + errIndex + "].path must be a list of path segments (GraphQL spec 7.1.2)"); return; }
        err.path.forEach(function (segment, segIndex) { if (typeof segment !== "string" && !Number.isInteger(segment)) pm.expect.fail("errors[" + errIndex + "].path[" + segIndex + "] must be a string field name or an integer list index (GraphQL spec 7.1.2)"); });
      }
      if (err.extensions !== undefined && err.extensions !== null && (typeof err.extensions !== "object" || Array.isArray(err.extensions))) pm.expect.fail("errors[" + errIndex + "].extensions must be a map (GraphQL spec 7.1.2)");
    });
    var hasData = gqlBody.data !== undefined && gqlBody.data !== null;
    if (!hasData && errors.length > 0) { pm.expect.fail("GraphQL request returned errors and no data: " + JSON.stringify(errors)); }
});
pm.test("[query plans] data.plans is present", function () {
    pm.expect(gqlBody.data, "response has no data object").to.exist;
    pm.expect(gqlBody.data, "data is missing field 'plans'").to.have.property("plans");
    pm.expect(gqlBody.data["plans"], "plans is declared non-null but was null").to.not.be.null;
});
pm.test("[query plans] data.plans matches schema return type", function () {
    var value = gqlBody.data && gqlBody.data["plans"];
    if (value === undefined || value === null) return;
    pm.expect(value, "query.plans: expected a list").to.be.an("array");
    value.forEach(function (__el) {
        pm.expect(__el, "query.plans (list element): a non-null list item ([T!]) was null").to.not.be.null;
        pm.expect(__el, "query.plans (list element): expected Plan object").to.be.an("object");
        if (__el["dataCapGb"] !== undefined && __el["dataCapGb"] !== null) {
            pm.expect(__el["dataCapGb"], "query.plans (list element).dataCapGb: expected Int scalar").to.be.a("number");
            pm.expect(Number.isInteger(__el["dataCapGb"]) && __el["dataCapGb"] >= -2147483648 && __el["dataCapGb"] <= 2147483647, "query.plans (list element).dataCapGb: Int must be a signed 32-bit integer").to.equal(true);
        }
        pm.expect(__el, "Plan is missing non-null field 'id'").to.have.property("id");
        pm.expect(__el["id"], "Plan.id is declared non-null but was null").to.not.be.null;
        if (__el["id"] !== undefined && __el["id"] !== null) {
            pm.expect(__el["id"], "query.plans (list element).id: expected ID scalar (serialized as a string)").to.be.a("string");
        }
        pm.expect(__el, "Plan is missing non-null field 'monthlyPriceCents'").to.have.property("monthlyPriceCents");
        pm.expect(__el["monthlyPriceCents"], "Plan.monthlyPriceCents is declared non-null but was null").to.not.be.null;
        if (__el["monthlyPriceCents"] !== undefined && __el["monthlyPriceCents"] !== null) {
            pm.expect(__el["monthlyPriceCents"], "query.plans (list element).monthlyPriceCents: expected Int scalar").to.be.a("number");
            pm.expect(Number.isInteger(__el["monthlyPriceCents"]) && __el["monthlyPriceCents"] >= -2147483648 && __el["monthlyPriceCents"] <= 2147483647, "query.plans (list element).monthlyPriceCents: Int must be a signed 32-bit integer").to.equal(true);
        }
        pm.expect(__el, "Plan is missing non-null field 'name'").to.have.property("name");
        pm.expect(__el["name"], "Plan.name is declared non-null but was null").to.not.be.null;
        if (__el["name"] !== undefined && __el["name"] !== null) {
            pm.expect(__el["name"], "query.plans (list element).name: expected String scalar (serialized as a string)").to.be.a("string");
        }
    });
});",
    "id": "query.plans",
  },
  {
    "exec": "var gqlBody = (function () { try { return pm.response.json() || {}; } catch (e) { return {}; } })();
pm.test("[query subscriber] HTTP transport is ok", function () {
    pm.expect(pm.response.code, "GraphQL responses are HTTP 200 even when the data field carries errors").to.be.below(500);
});
pm.test("[query subscriber] GraphQL-over-HTTP media type and status are consistent", function () {
    var contentType = ((pm.response.headers && pm.response.headers.get && pm.response.headers.get("Content-Type")) || "").toLowerCase();
    var mediaType = contentType.split(";")[0].trim();
    if (!mediaType) return;
    if (mediaType !== "application/graphql-response+json" && mediaType !== "application/json") { pm.expect.fail("GraphQL-over-HTTP responses use application/graphql-response+json or application/json; got: " + (mediaType || "<missing>")); }
    var wellFormed = gqlBody.data !== undefined || Array.isArray(gqlBody.errors);
    if (mediaType === "application/graphql-response+json" && pm.response.code >= 200 && pm.response.code < 300 && !wellFormed) { pm.expect.fail("application/graphql-response+json forbids a 2xx status when the body is not a well-formed GraphQL response"); }
    if (mediaType === "application/json" && gqlBody.data !== undefined && gqlBody.data !== null && pm.response.code !== 200) { pm.expect.fail("a GraphQL response carrying data over application/json must be HTTP 200; got " + pm.response.code); }
});
pm.test("[query subscriber] GraphQL response map follows the spec response format", function () {
    var extraKeys = Object.keys(gqlBody).filter(function (key) { return key !== "data" && key !== "errors" && key !== "extensions"; });
    if (extraKeys.length > 0) pm.expect.fail("the GraphQL response map must not contain entries other than data, errors, and extensions (GraphQL spec 7.1): " + extraKeys.join(", "));
    if (Object.prototype.hasOwnProperty.call(gqlBody, "extensions") && (typeof gqlBody.extensions !== "object" || gqlBody.extensions === null || Array.isArray(gqlBody.extensions))) pm.expect.fail("the GraphQL extensions entry must be a map (GraphQL spec 7.1)");
    if (!Object.prototype.hasOwnProperty.call(gqlBody, "data") && (!Array.isArray(gqlBody.errors) || gqlBody.errors.length === 0)) pm.expect.fail("a GraphQL request-error result (no data entry) must carry a non-empty errors list (GraphQL spec 7.1)");
});
pm.test("[query subscriber] GraphQL errors are well-formed and not a total failure", function () {
    var errors = gqlBody.errors;
    if (errors === undefined || errors === null) return;
    pm.expect(errors, "GraphQL 'errors' must be an array when present").to.be.an("array");
    errors.forEach(function (err, errIndex) {
      pm.expect(err, "each GraphQL error must carry a message").to.be.an("object").that.has.property("message");
      if (typeof err.message !== "string") pm.expect.fail("errors[" + errIndex + "].message must be a string (GraphQL spec 7.1.2)");
      if (err.locations !== undefined && err.locations !== null) {
        if (!Array.isArray(err.locations)) { pm.expect.fail("errors[" + errIndex + "].locations must be a list (GraphQL spec 7.1.2)"); return; }
        err.locations.forEach(function (loc, locIndex) {
          var locLabel = "errors[" + errIndex + "].locations[" + locIndex + "]";
          if (!loc || typeof loc !== "object" || Array.isArray(loc)) { pm.expect.fail(locLabel + " must be a map with line and column (GraphQL spec 7.1.2)"); return; }
          if (!Number.isInteger(loc.line) || loc.line < 1 || !Number.isInteger(loc.column) || loc.column < 1) pm.expect.fail(locLabel + " line and column must be positive integers starting from 1 (GraphQL spec 7.1.2)");
        });
      }
      if (err.path !== undefined && err.path !== null) {
        if (!Array.isArray(err.path)) { pm.expect.fail("errors[" + errIndex + "].path must be a list of path segments (GraphQL spec 7.1.2)"); return; }
        err.path.forEach(function (segment, segIndex) { if (typeof segment !== "string" && !Number.isInteger(segment)) pm.expect.fail("errors[" + errIndex + "].path[" + segIndex + "] must be a string field name or an integer list index (GraphQL spec 7.1.2)"); });
      }
      if (err.extensions !== undefined && err.extensions !== null && (typeof err.extensions !== "object" || Array.isArray(err.extensions))) pm.expect.fail("errors[" + errIndex + "].extensions must be a map (GraphQL spec 7.1.2)");
    });
    var hasData = gqlBody.data !== undefined && gqlBody.data !== null;
    if (!hasData && errors.length > 0) { pm.expect.fail("GraphQL request returned errors and no data: " + JSON.stringify(errors)); }
});
pm.test("[query subscriber] data.subscriber is present", function () {
    pm.expect(gqlBody.data, "response has no data object").to.exist;
    pm.expect(gqlBody.data, "data is missing field 'subscriber'").to.have.property("subscriber");
});
pm.test("[query subscriber] data.subscriber matches schema return type", function () {
    var value = gqlBody.data && gqlBody.data["subscriber"];
    if (value === undefined || value === null) return;
    pm.expect(value, "query.subscriber: expected Subscriber object").to.be.an("object");
    pm.expect(value, "Subscriber is missing non-null field 'displayName'").to.have.property("displayName");
    pm.expect(value["displayName"], "Subscriber.displayName is declared non-null but was null").to.not.be.null;
    if (value["displayName"] !== undefined && value["displayName"] !== null) {
        pm.expect(value["displayName"], "query.subscriber.displayName: expected String scalar (serialized as a string)").to.be.a("string");
    }
    if (value["email"] !== undefined && value["email"] !== null) {
        pm.expect(value["email"], "query.subscriber.email: expected String scalar (serialized as a string)").to.be.a("string");
    }
    pm.expect(value, "Subscriber is missing non-null field 'id'").to.have.property("id");
    pm.expect(value["id"], "Subscriber.id is declared non-null but was null").to.not.be.null;
    if (value["id"] !== undefined && value["id"] !== null) {
        pm.expect(value["id"], "query.subscriber.id: expected ID scalar (serialized as a string)").to.be.a("string");
    }
});
pm.test("[query subscriber] required variables are supplied", function () {
    var body = (pm.request && pm.request.body) || {};
    var raw = (body.graphql && body.graphql.variables) || body.raw || {};
    var vars = {};
    try { vars = typeof raw === "string" ? (raw ? JSON.parse(raw) : {}) : raw; }
    catch (e) { vars = {}; }
    if (vars && vars.variables !== undefined) { vars = vars.variables; }
    if (typeof vars === "string") { try { vars = JSON.parse(vars); } catch (e2) { vars = {}; } }
    var required = ["id"];
    required.forEach(function (name) {
        pm.expect(vars, "required GraphQL variable '" + name + "' was not supplied in the request").to.have.property(name);
    });
});",
    "id": "query.subscriber",
  },
  {
    "exec": "var gqlBody = (function () { try { return pm.response.json() || {}; } catch (e) { return {}; } })();
pm.test("[query subscribers] HTTP transport is ok", function () {
    pm.expect(pm.response.code, "GraphQL responses are HTTP 200 even when the data field carries errors").to.be.below(500);
});
pm.test("[query subscribers] GraphQL-over-HTTP media type and status are consistent", function () {
    var contentType = ((pm.response.headers && pm.response.headers.get && pm.response.headers.get("Content-Type")) || "").toLowerCase();
    var mediaType = contentType.split(";")[0].trim();
    if (!mediaType) return;
    if (mediaType !== "application/graphql-response+json" && mediaType !== "application/json") { pm.expect.fail("GraphQL-over-HTTP responses use application/graphql-response+json or application/json; got: " + (mediaType || "<missing>")); }
    var wellFormed = gqlBody.data !== undefined || Array.isArray(gqlBody.errors);
    if (mediaType === "application/graphql-response+json" && pm.response.code >= 200 && pm.response.code < 300 && !wellFormed) { pm.expect.fail("application/graphql-response+json forbids a 2xx status when the body is not a well-formed GraphQL response"); }
    if (mediaType === "application/json" && gqlBody.data !== undefined && gqlBody.data !== null && pm.response.code !== 200) { pm.expect.fail("a GraphQL response carrying data over application/json must be HTTP 200; got " + pm.response.code); }
});
pm.test("[query subscribers] GraphQL response map follows the spec response format", function () {
    var extraKeys = Object.keys(gqlBody).filter(function (key) { return key !== "data" && key !== "errors" && key !== "extensions"; });
    if (extraKeys.length > 0) pm.expect.fail("the GraphQL response map must not contain entries other than data, errors, and extensions (GraphQL spec 7.1): " + extraKeys.join(", "));
    if (Object.prototype.hasOwnProperty.call(gqlBody, "extensions") && (typeof gqlBody.extensions !== "object" || gqlBody.extensions === null || Array.isArray(gqlBody.extensions))) pm.expect.fail("the GraphQL extensions entry must be a map (GraphQL spec 7.1)");
    if (!Object.prototype.hasOwnProperty.call(gqlBody, "data") && (!Array.isArray(gqlBody.errors) || gqlBody.errors.length === 0)) pm.expect.fail("a GraphQL request-error result (no data entry) must carry a non-empty errors list (GraphQL spec 7.1)");
});
pm.test("[query subscribers] GraphQL errors are well-formed and not a total failure", function () {
    var errors = gqlBody.errors;
    if (errors === undefined || errors === null) return;
    pm.expect(errors, "GraphQL 'errors' must be an array when present").to.be.an("array");
    errors.forEach(function (err, errIndex) {
      pm.expect(err, "each GraphQL error must carry a message").to.be.an("object").that.has.property("message");
      if (typeof err.message !== "string") pm.expect.fail("errors[" + errIndex + "].message must be a string (GraphQL spec 7.1.2)");
      if (err.locations !== undefined && err.locations !== null) {
        if (!Array.isArray(err.locations)) { pm.expect.fail("errors[" + errIndex + "].locations must be a list (GraphQL spec 7.1.2)"); return; }
        err.locations.forEach(function (loc, locIndex) {
          var locLabel = "errors[" + errIndex + "].locations[" + locIndex + "]";
          if (!loc || typeof loc !== "object" || Array.isArray(loc)) { pm.expect.fail(locLabel + " must be a map with line and column (GraphQL spec 7.1.2)"); return; }
          if (!Number.isInteger(loc.line) || loc.line < 1 || !Number.isInteger(loc.column) || loc.column < 1) pm.expect.fail(locLabel + " line and column must be positive integers starting from 1 (GraphQL spec 7.1.2)");
        });
      }
      if (err.path !== undefined && err.path !== null) {
        if (!Array.isArray(err.path)) { pm.expect.fail("errors[" + errIndex + "].path must be a list of path segments (GraphQL spec 7.1.2)"); return; }
        err.path.forEach(function (segment, segIndex) { if (typeof segment !== "string" && !Number.isInteger(segment)) pm.expect.fail("errors[" + errIndex + "].path[" + segIndex + "] must be a string field name or an integer list index (GraphQL spec 7.1.2)"); });
      }
      if (err.extensions !== undefined && err.extensions !== null && (typeof err.extensions !== "object" || Array.isArray(err.extensions))) pm.expect.fail("errors[" + errIndex + "].extensions must be a map (GraphQL spec 7.1.2)");
    });
    var hasData = gqlBody.data !== undefined && gqlBody.data !== null;
    if (!hasData && errors.length > 0) { pm.expect.fail("GraphQL request returned errors and no data: " + JSON.stringify(errors)); }
});
pm.test("[query subscribers] data.subscribers is present", function () {
    pm.expect(gqlBody.data, "response has no data object").to.exist;
    pm.expect(gqlBody.data, "data is missing field 'subscribers'").to.have.property("subscribers");
    pm.expect(gqlBody.data["subscribers"], "subscribers is declared non-null but was null").to.not.be.null;
});
pm.test("[query subscribers] data.subscribers matches schema return type", function () {
    var value = gqlBody.data && gqlBody.data["subscribers"];
    if (value === undefined || value === null) return;
    pm.expect(value, "query.subscribers: expected a list").to.be.an("array");
    value.forEach(function (__el) {
        pm.expect(__el, "query.subscribers (list element): a non-null list item ([T!]) was null").to.not.be.null;
        pm.expect(__el, "query.subscribers (list element): expected Subscriber object").to.be.an("object");
        pm.expect(__el, "Subscriber is missing non-null field 'displayName'").to.have.property("displayName");
        pm.expect(__el["displayName"], "Subscriber.displayName is declared non-null but was null").to.not.be.null;
        if (__el["displayName"] !== undefined && __el["displayName"] !== null) {
            pm.expect(__el["displayName"], "query.subscribers (list element).displayName: expected String scalar (serialized as a string)").to.be.a("string");
        }
        if (__el["email"] !== undefined && __el["email"] !== null) {
            pm.expect(__el["email"], "query.subscribers (list element).email: expected String scalar (serialized as a string)").to.be.a("string");
        }
        pm.expect(__el, "Subscriber is missing non-null field 'id'").to.have.property("id");
        pm.expect(__el["id"], "Subscriber.id is declared non-null but was null").to.not.be.null;
        if (__el["id"] !== undefined && __el["id"] !== null) {
            pm.expect(__el["id"], "query.subscribers (list element).id: expected ID scalar (serialized as a string)").to.be.a("string");
        }
    });
});",
    "id": "query.subscribers",
  },
  {
    "exec": "var gqlBody = (function () { try { return pm.response.json() || {}; } catch (e) { return {}; } })();
pm.test("[mutation provisionLine] HTTP transport is ok", function () {
    pm.expect(pm.response.code, "GraphQL responses are HTTP 200 even when the data field carries errors").to.be.below(500);
});
pm.test("[mutation provisionLine] GraphQL-over-HTTP media type and status are consistent", function () {
    var contentType = ((pm.response.headers && pm.response.headers.get && pm.response.headers.get("Content-Type")) || "").toLowerCase();
    var mediaType = contentType.split(";")[0].trim();
    if (!mediaType) return;
    if (mediaType !== "application/graphql-response+json" && mediaType !== "application/json") { pm.expect.fail("GraphQL-over-HTTP responses use application/graphql-response+json or application/json; got: " + (mediaType || "<missing>")); }
    var wellFormed = gqlBody.data !== undefined || Array.isArray(gqlBody.errors);
    if (mediaType === "application/graphql-response+json" && pm.response.code >= 200 && pm.response.code < 300 && !wellFormed) { pm.expect.fail("application/graphql-response+json forbids a 2xx status when the body is not a well-formed GraphQL response"); }
    if (mediaType === "application/json" && gqlBody.data !== undefined && gqlBody.data !== null && pm.response.code !== 200) { pm.expect.fail("a GraphQL response carrying data over application/json must be HTTP 200; got " + pm.response.code); }
});
pm.test("[mutation provisionLine] GraphQL response map follows the spec response format", function () {
    var extraKeys = Object.keys(gqlBody).filter(function (key) { return key !== "data" && key !== "errors" && key !== "extensions"; });
    if (extraKeys.length > 0) pm.expect.fail("the GraphQL response map must not contain entries other than data, errors, and extensions (GraphQL spec 7.1): " + extraKeys.join(", "));
    if (Object.prototype.hasOwnProperty.call(gqlBody, "extensions") && (typeof gqlBody.extensions !== "object" || gqlBody.extensions === null || Array.isArray(gqlBody.extensions))) pm.expect.fail("the GraphQL extensions entry must be a map (GraphQL spec 7.1)");
    if (!Object.prototype.hasOwnProperty.call(gqlBody, "data") && (!Array.isArray(gqlBody.errors) || gqlBody.errors.length === 0)) pm.expect.fail("a GraphQL request-error result (no data entry) must carry a non-empty errors list (GraphQL spec 7.1)");
});
pm.test("[mutation provisionLine] GraphQL errors are well-formed and not a total failure", function () {
    var errors = gqlBody.errors;
    if (errors === undefined || errors === null) return;
    pm.expect(errors, "GraphQL 'errors' must be an array when present").to.be.an("array");
    errors.forEach(function (err, errIndex) {
      pm.expect(err, "each GraphQL error must carry a message").to.be.an("object").that.has.property("message");
      if (typeof err.message !== "string") pm.expect.fail("errors[" + errIndex + "].message must be a string (GraphQL spec 7.1.2)");
      if (err.locations !== undefined && err.locations !== null) {
        if (!Array.isArray(err.locations)) { pm.expect.fail("errors[" + errIndex + "].locations must be a list (GraphQL spec 7.1.2)"); return; }
        err.locations.forEach(function (loc, locIndex) {
          var locLabel = "errors[" + errIndex + "].locations[" + locIndex + "]";
          if (!loc || typeof loc !== "object" || Array.isArray(loc)) { pm.expect.fail(locLabel + " must be a map with line and column (GraphQL spec 7.1.2)"); return; }
          if (!Number.isInteger(loc.line) || loc.line < 1 || !Number.isInteger(loc.column) || loc.column < 1) pm.expect.fail(locLabel + " line and column must be positive integers starting from 1 (GraphQL spec 7.1.2)");
        });
      }
      if (err.path !== undefined && err.path !== null) {
        if (!Array.isArray(err.path)) { pm.expect.fail("errors[" + errIndex + "].path must be a list of path segments (GraphQL spec 7.1.2)"); return; }
        err.path.forEach(function (segment, segIndex) { if (typeof segment !== "string" && !Number.isInteger(segment)) pm.expect.fail("errors[" + errIndex + "].path[" + segIndex + "] must be a string field name or an integer list index (GraphQL spec 7.1.2)"); });
      }
      if (err.extensions !== undefined && err.extensions !== null && (typeof err.extensions !== "object" || Array.isArray(err.extensions))) pm.expect.fail("errors[" + errIndex + "].extensions must be a map (GraphQL spec 7.1.2)");
    });
    var hasData = gqlBody.data !== undefined && gqlBody.data !== null;
    if (!hasData && errors.length > 0) { pm.expect.fail("GraphQL request returned errors and no data: " + JSON.stringify(errors)); }
});
pm.test("[mutation provisionLine] data.provisionLine is present", function () {
    pm.expect(gqlBody.data, "response has no data object").to.exist;
    pm.expect(gqlBody.data, "data is missing field 'provisionLine'").to.have.property("provisionLine");
    pm.expect(gqlBody.data["provisionLine"], "provisionLine is declared non-null but was null").to.not.be.null;
});
pm.test("[mutation provisionLine] data.provisionLine matches schema return type", function () {
    var value = gqlBody.data && gqlBody.data["provisionLine"];
    if (value === undefined || value === null) return;
    pm.expect(value, "mutation.provisionLine: expected Line object").to.be.an("object");
    pm.expect(value, "Line is missing non-null field 'id'").to.have.property("id");
    pm.expect(value["id"], "Line.id is declared non-null but was null").to.not.be.null;
    if (value["id"] !== undefined && value["id"] !== null) {
        pm.expect(value["id"], "mutation.provisionLine.id: expected ID scalar (serialized as a string)").to.be.a("string");
    }
    pm.expect(value, "Line is missing non-null field 'msisdn'").to.have.property("msisdn");
    pm.expect(value["msisdn"], "Line.msisdn is declared non-null but was null").to.not.be.null;
    if (value["msisdn"] !== undefined && value["msisdn"] !== null) {
        pm.expect(value["msisdn"], "mutation.provisionLine.msisdn: expected String scalar (serialized as a string)").to.be.a("string");
    }
    pm.expect(value, "Line is missing non-null field 'status'").to.have.property("status");
    pm.expect(value["status"], "Line.status is declared non-null but was null").to.not.be.null;
    if (value["status"] !== undefined && value["status"] !== null) {
        pm.expect(value["status"], "mutation.provisionLine.status: expected enum LineStatus as string").to.be.a("string");
        pm.expect(value["status"], "mutation.provisionLine.status: value is not a member of enum LineStatus").to.be.oneOf(["ACTIVE","SUSPENDED","PORTING"]);
    }
});
pm.test("[mutation provisionLine] required variables are supplied", function () {
    var body = (pm.request && pm.request.body) || {};
    var raw = (body.graphql && body.graphql.variables) || body.raw || {};
    var vars = {};
    try { vars = typeof raw === "string" ? (raw ? JSON.parse(raw) : {}) : raw; }
    catch (e) { vars = {}; }
    if (vars && vars.variables !== undefined) { vars = vars.variables; }
    if (typeof vars === "string") { try { vars = JSON.parse(vars); } catch (e2) { vars = {}; } }
    var required = ["input"];
    required.forEach(function (name) {
        pm.expect(vars, "required GraphQL variable '" + name + "' was not supplied in the request").to.have.property(name);
    });
});",
    "id": "mutation.provisionLine",
  },
  {
    "exec": "var gqlBody = (function () { try { return pm.response.json() || {}; } catch (e) { return {}; } })();
pm.test("[mutation suspendLine] HTTP transport is ok", function () {
    pm.expect(pm.response.code, "GraphQL responses are HTTP 200 even when the data field carries errors").to.be.below(500);
});
pm.test("[mutation suspendLine] GraphQL-over-HTTP media type and status are consistent", function () {
    var contentType = ((pm.response.headers && pm.response.headers.get && pm.response.headers.get("Content-Type")) || "").toLowerCase();
    var mediaType = contentType.split(";")[0].trim();
    if (!mediaType) return;
    if (mediaType !== "application/graphql-response+json" && mediaType !== "application/json") { pm.expect.fail("GraphQL-over-HTTP responses use application/graphql-response+json or application/json; got: " + (mediaType || "<missing>")); }
    var wellFormed = gqlBody.data !== undefined || Array.isArray(gqlBody.errors);
    if (mediaType === "application/graphql-response+json" && pm.response.code >= 200 && pm.response.code < 300 && !wellFormed) { pm.expect.fail("application/graphql-response+json forbids a 2xx status when the body is not a well-formed GraphQL response"); }
    if (mediaType === "application/json" && gqlBody.data !== undefined && gqlBody.data !== null && pm.response.code !== 200) { pm.expect.fail("a GraphQL response carrying data over application/json must be HTTP 200; got " + pm.response.code); }
});
pm.test("[mutation suspendLine] GraphQL response map follows the spec response format", function () {
    var extraKeys = Object.keys(gqlBody).filter(function (key) { return key !== "data" && key !== "errors" && key !== "extensions"; });
    if (extraKeys.length > 0) pm.expect.fail("the GraphQL response map must not contain entries other than data, errors, and extensions (GraphQL spec 7.1): " + extraKeys.join(", "));
    if (Object.prototype.hasOwnProperty.call(gqlBody, "extensions") && (typeof gqlBody.extensions !== "object" || gqlBody.extensions === null || Array.isArray(gqlBody.extensions))) pm.expect.fail("the GraphQL extensions entry must be a map (GraphQL spec 7.1)");
    if (!Object.prototype.hasOwnProperty.call(gqlBody, "data") && (!Array.isArray(gqlBody.errors) || gqlBody.errors.length === 0)) pm.expect.fail("a GraphQL request-error result (no data entry) must carry a non-empty errors list (GraphQL spec 7.1)");
});
pm.test("[mutation suspendLine] GraphQL errors are well-formed and not a total failure", function () {
    var errors = gqlBody.errors;
    if (errors === undefined || errors === null) return;
    pm.expect(errors, "GraphQL 'errors' must be an array when present").to.be.an("array");
    errors.forEach(function (err, errIndex) {
      pm.expect(err, "each GraphQL error must carry a message").to.be.an("object").that.has.property("message");
      if (typeof err.message !== "string") pm.expect.fail("errors[" + errIndex + "].message must be a string (GraphQL spec 7.1.2)");
      if (err.locations !== undefined && err.locations !== null) {
        if (!Array.isArray(err.locations)) { pm.expect.fail("errors[" + errIndex + "].locations must be a list (GraphQL spec 7.1.2)"); return; }
        err.locations.forEach(function (loc, locIndex) {
          var locLabel = "errors[" + errIndex + "].locations[" + locIndex + "]";
          if (!loc || typeof loc !== "object" || Array.isArray(loc)) { pm.expect.fail(locLabel + " must be a map with line and column (GraphQL spec 7.1.2)"); return; }
          if (!Number.isInteger(loc.line) || loc.line < 1 || !Number.isInteger(loc.column) || loc.column < 1) pm.expect.fail(locLabel + " line and column must be positive integers starting from 1 (GraphQL spec 7.1.2)");
        });
      }
      if (err.path !== undefined && err.path !== null) {
        if (!Array.isArray(err.path)) { pm.expect.fail("errors[" + errIndex + "].path must be a list of path segments (GraphQL spec 7.1.2)"); return; }
        err.path.forEach(function (segment, segIndex) { if (typeof segment !== "string" && !Number.isInteger(segment)) pm.expect.fail("errors[" + errIndex + "].path[" + segIndex + "] must be a string field name or an integer list index (GraphQL spec 7.1.2)"); });
      }
      if (err.extensions !== undefined && err.extensions !== null && (typeof err.extensions !== "object" || Array.isArray(err.extensions))) pm.expect.fail("errors[" + errIndex + "].extensions must be a map (GraphQL spec 7.1.2)");
    });
    var hasData = gqlBody.data !== undefined && gqlBody.data !== null;
    if (!hasData && errors.length > 0) { pm.expect.fail("GraphQL request returned errors and no data: " + JSON.stringify(errors)); }
});
pm.test("[mutation suspendLine] data.suspendLine is present", function () {
    pm.expect(gqlBody.data, "response has no data object").to.exist;
    pm.expect(gqlBody.data, "data is missing field 'suspendLine'").to.have.property("suspendLine");
    pm.expect(gqlBody.data["suspendLine"], "suspendLine is declared non-null but was null").to.not.be.null;
});
pm.test("[mutation suspendLine] data.suspendLine matches schema return type", function () {
    var value = gqlBody.data && gqlBody.data["suspendLine"];
    if (value === undefined || value === null) return;
    pm.expect(value, "mutation.suspendLine: expected Line object").to.be.an("object");
    pm.expect(value, "Line is missing non-null field 'id'").to.have.property("id");
    pm.expect(value["id"], "Line.id is declared non-null but was null").to.not.be.null;
    if (value["id"] !== undefined && value["id"] !== null) {
        pm.expect(value["id"], "mutation.suspendLine.id: expected ID scalar (serialized as a string)").to.be.a("string");
    }
    pm.expect(value, "Line is missing non-null field 'msisdn'").to.have.property("msisdn");
    pm.expect(value["msisdn"], "Line.msisdn is declared non-null but was null").to.not.be.null;
    if (value["msisdn"] !== undefined && value["msisdn"] !== null) {
        pm.expect(value["msisdn"], "mutation.suspendLine.msisdn: expected String scalar (serialized as a string)").to.be.a("string");
    }
    pm.expect(value, "Line is missing non-null field 'status'").to.have.property("status");
    pm.expect(value["status"], "Line.status is declared non-null but was null").to.not.be.null;
    if (value["status"] !== undefined && value["status"] !== null) {
        pm.expect(value["status"], "mutation.suspendLine.status: expected enum LineStatus as string").to.be.a("string");
        pm.expect(value["status"], "mutation.suspendLine.status: value is not a member of enum LineStatus").to.be.oneOf(["ACTIVE","SUSPENDED","PORTING"]);
    }
});
pm.test("[mutation suspendLine] required variables are supplied", function () {
    var body = (pm.request && pm.request.body) || {};
    var raw = (body.graphql && body.graphql.variables) || body.raw || {};
    var vars = {};
    try { vars = typeof raw === "string" ? (raw ? JSON.parse(raw) : {}) : raw; }
    catch (e) { vars = {}; }
    if (vars && vars.variables !== undefined) { vars = vars.variables; }
    if (typeof vars === "string") { try { vars = JSON.parse(vars); } catch (e2) { vars = {}; } }
    var required = ["id"];
    required.forEach(function (name) {
        pm.expect(vars, "required GraphQL variable '" + name + "' was not supplied in the request").to.have.property(name);
    });
});",
    "id": "mutation.suspendLine",
  },
  {
    "exec": "var gqlBody = (function () { try { return pm.response.json() || {}; } catch (e) { return {}; } })();
pm.test("[subscription lineStatusChanged] HTTP transport is ok", function () {
    pm.expect(pm.response.code, "GraphQL responses are HTTP 200 even when the data field carries errors").to.be.below(500);
});
pm.test("[subscription lineStatusChanged] GraphQL-over-HTTP media type and status are consistent", function () {
    var contentType = ((pm.response.headers && pm.response.headers.get && pm.response.headers.get("Content-Type")) || "").toLowerCase();
    var mediaType = contentType.split(";")[0].trim();
    if (!mediaType) return;
    if (mediaType !== "application/graphql-response+json" && mediaType !== "application/json") { pm.expect.fail("GraphQL-over-HTTP responses use application/graphql-response+json or application/json; got: " + (mediaType || "<missing>")); }
    var wellFormed = gqlBody.data !== undefined || Array.isArray(gqlBody.errors);
    if (mediaType === "application/graphql-response+json" && pm.response.code >= 200 && pm.response.code < 300 && !wellFormed) { pm.expect.fail("application/graphql-response+json forbids a 2xx status when the body is not a well-formed GraphQL response"); }
    if (mediaType === "application/json" && gqlBody.data !== undefined && gqlBody.data !== null && pm.response.code !== 200) { pm.expect.fail("a GraphQL response carrying data over application/json must be HTTP 200; got " + pm.response.code); }
});
pm.test("[subscription lineStatusChanged] GraphQL response map follows the spec response format", function () {
    var extraKeys = Object.keys(gqlBody).filter(function (key) { return key !== "data" && key !== "errors" && key !== "extensions"; });
    if (extraKeys.length > 0) pm.expect.fail("the GraphQL response map must not contain entries other than data, errors, and extensions (GraphQL spec 7.1): " + extraKeys.join(", "));
    if (Object.prototype.hasOwnProperty.call(gqlBody, "extensions") && (typeof gqlBody.extensions !== "object" || gqlBody.extensions === null || Array.isArray(gqlBody.extensions))) pm.expect.fail("the GraphQL extensions entry must be a map (GraphQL spec 7.1)");
    if (!Object.prototype.hasOwnProperty.call(gqlBody, "data") && (!Array.isArray(gqlBody.errors) || gqlBody.errors.length === 0)) pm.expect.fail("a GraphQL request-error result (no data entry) must carry a non-empty errors list (GraphQL spec 7.1)");
});
pm.test("[subscription lineStatusChanged] GraphQL errors are well-formed and not a total failure", function () {
    var errors = gqlBody.errors;
    if (errors === undefined || errors === null) return;
    pm.expect(errors, "GraphQL 'errors' must be an array when present").to.be.an("array");
    errors.forEach(function (err, errIndex) {
      pm.expect(err, "each GraphQL error must carry a message").to.be.an("object").that.has.property("message");
      if (typeof err.message !== "string") pm.expect.fail("errors[" + errIndex + "].message must be a string (GraphQL spec 7.1.2)");
      if (err.locations !== undefined && err.locations !== null) {
        if (!Array.isArray(err.locations)) { pm.expect.fail("errors[" + errIndex + "].locations must be a list (GraphQL spec 7.1.2)"); return; }
        err.locations.forEach(function (loc, locIndex) {
          var locLabel = "errors[" + errIndex + "].locations[" + locIndex + "]";
          if (!loc || typeof loc !== "object" || Array.isArray(loc)) { pm.expect.fail(locLabel + " must be a map with line and column (GraphQL spec 7.1.2)"); return; }
          if (!Number.isInteger(loc.line) || loc.line < 1 || !Number.isInteger(loc.column) || loc.column < 1) pm.expect.fail(locLabel + " line and column must be positive integers starting from 1 (GraphQL spec 7.1.2)");
        });
      }
      if (err.path !== undefined && err.path !== null) {
        if (!Array.isArray(err.path)) { pm.expect.fail("errors[" + errIndex + "].path must be a list of path segments (GraphQL spec 7.1.2)"); return; }
        err.path.forEach(function (segment, segIndex) { if (typeof segment !== "string" && !Number.isInteger(segment)) pm.expect.fail("errors[" + errIndex + "].path[" + segIndex + "] must be a string field name or an integer list index (GraphQL spec 7.1.2)"); });
      }
      if (err.extensions !== undefined && err.extensions !== null && (typeof err.extensions !== "object" || Array.isArray(err.extensions))) pm.expect.fail("errors[" + errIndex + "].extensions must be a map (GraphQL spec 7.1.2)");
    });
    var hasData = gqlBody.data !== undefined && gqlBody.data !== null;
    if (!hasData && errors.length > 0) { pm.expect.fail("GraphQL request returned errors and no data: " + JSON.stringify(errors)); }
});
pm.test("[subscription lineStatusChanged] data.lineStatusChanged is present", function () {
    pm.expect(gqlBody.data, "response has no data object").to.exist;
    pm.expect(gqlBody.data, "data is missing field 'lineStatusChanged'").to.have.property("lineStatusChanged");
    pm.expect(gqlBody.data["lineStatusChanged"], "lineStatusChanged is declared non-null but was null").to.not.be.null;
});
pm.test("[subscription lineStatusChanged] data.lineStatusChanged matches schema return type", function () {
    var value = gqlBody.data && gqlBody.data["lineStatusChanged"];
    if (value === undefined || value === null) return;
    pm.expect(value, "subscription.lineStatusChanged: expected Line object").to.be.an("object");
    pm.expect(value, "Line is missing non-null field 'id'").to.have.property("id");
    pm.expect(value["id"], "Line.id is declared non-null but was null").to.not.be.null;
    if (value["id"] !== undefined && value["id"] !== null) {
        pm.expect(value["id"], "subscription.lineStatusChanged.id: expected ID scalar (serialized as a string)").to.be.a("string");
    }
    pm.expect(value, "Line is missing non-null field 'msisdn'").to.have.property("msisdn");
    pm.expect(value["msisdn"], "Line.msisdn is declared non-null but was null").to.not.be.null;
    if (value["msisdn"] !== undefined && value["msisdn"] !== null) {
        pm.expect(value["msisdn"], "subscription.lineStatusChanged.msisdn: expected String scalar (serialized as a string)").to.be.a("string");
    }
    pm.expect(value, "Line is missing non-null field 'status'").to.have.property("status");
    pm.expect(value["status"], "Line.status is declared non-null but was null").to.not.be.null;
    if (value["status"] !== undefined && value["status"] !== null) {
        pm.expect(value["status"], "subscription.lineStatusChanged.status: expected enum LineStatus as string").to.be.a("string");
        pm.expect(value["status"], "subscription.lineStatusChanged.status: value is not a member of enum LineStatus").to.be.oneOf(["ACTIVE","SUSPENDED","PORTING"]);
    }
});
pm.test("[subscription lineStatusChanged] required variables are supplied", function () {
    var body = (pm.request && pm.request.body) || {};
    var raw = (body.graphql && body.graphql.variables) || body.raw || {};
    var vars = {};
    try { vars = typeof raw === "string" ? (raw ? JSON.parse(raw) : {}) : raw; }
    catch (e) { vars = {}; }
    if (vars && vars.variables !== undefined) { vars = vars.variables; }
    if (typeof vars === "string") { try { vars = JSON.parse(vars); } catch (e2) { vars = {}; } }
    var required = ["subscriberId"];
    required.forEach(function (name) {
        pm.expect(vars, "required GraphQL variable '" + name + "' was not supplied in the request").to.have.property(name);
    });
});",
    "id": "subscription.lineStatusChanged",
  },
]
`;
