// Vitest Snapshot v1, https://vitest.dev/guide/snapshot.html

exports[`instrumentGraphQLCollection > matches the golden snapshot of generated assertions 1`] = `
[
  {
    "exec": "var gqlBody = (function () { try { return pm.response.json() || {}; } catch (e) { return {}; } })();
pm.test("[query lineByMsisdn] HTTP transport is ok", function () {
    pm.expect(pm.response.code, "GraphQL responses are HTTP 200 even when the data field carries errors").to.be.below(500);
});
pm.test("[query lineByMsisdn] GraphQL errors are well-formed and not a total failure", function () {
    var errors = gqlBody.errors;
    if (errors === undefined || errors === null) return;
    pm.expect(errors, "GraphQL 'errors' must be an array when present").to.be.an("array");
    errors.forEach(function (err) { pm.expect(err, "each GraphQL error must carry a message").to.be.an("object").that.has.property("message"); });
    var hasData = gqlBody.data !== undefined && gqlBody.data !== null;
    if (!hasData && errors.length > 0) { pm.expect.fail("GraphQL request returned errors and no data: " + JSON.stringify(errors)); }
});
pm.test("[query lineByMsisdn] data.lineByMsisdn is present", function () {
    pm.expect(gqlBody.data, "response has no data object").to.exist;
    pm.expect(gqlBody.data, "data is missing field 'lineByMsisdn'").to.have.property("lineByMsisdn");
});
pm.test("[query lineByMsisdn] data.lineByMsisdn matches schema return type", function () {
    var value = gqlBody.data && gqlBody.data["lineByMsisdn"];
    if (value === undefined || value === null) return;
    pm.expect(value, "query.lineByMsisdn: expected Line object").to.be.an("object");
    pm.expect(value, "Line is missing non-null field 'id'").to.have.property("id");
    if (value["id"] !== undefined && value["id"] !== null) {
        pm.expect(value["id"], "query.lineByMsisdn.id: expected ID scalar (serialized as a string)").to.be.a("string");
    }
    pm.expect(value, "Line is missing non-null field 'msisdn'").to.have.property("msisdn");
    if (value["msisdn"] !== undefined && value["msisdn"] !== null) {
        pm.expect(value["msisdn"], "query.lineByMsisdn.msisdn: expected String scalar (serialized as a string)").to.be.a("string");
    }
    pm.expect(value, "Line is missing non-null field 'status'").to.have.property("status");
    if (value["status"] !== undefined && value["status"] !== null) {
        pm.expect(value["status"], "query.lineByMsisdn.status: expected enum LineStatus as string").to.be.a("string");
        pm.expect(value["status"], "query.lineByMsisdn.status: value is not a member of enum LineStatus").to.be.oneOf(["ACTIVE","SUSPENDED","PORTING"]);
    }
});
pm.test("[query lineByMsisdn] required variables are supplied", function () {
    var body = (pm.request && pm.request.body) || {};
    var raw = (body.graphql && body.graphql.variables) || body.raw || {};
    var vars = {};
    try { vars = typeof raw === "string" ? (raw ? JSON.parse(raw) : {}) : raw; }
    catch (e) { vars = {}; }
    if (vars && vars.variables !== undefined) { vars = vars.variables; }
    if (typeof vars === "string") { try { vars = JSON.parse(vars); } catch (e2) { vars = {}; } }
    var required = ["msisdn"];
    required.forEach(function (name) {
        pm.expect(vars, "required GraphQL variable '" + name + "' was not supplied in the request").to.have.property(name);
    });
});",
    "id": "query.lineByMsisdn",
  },
  {
    "exec": "var gqlBody = (function () { try { return pm.response.json() || {}; } catch (e) { return {}; } })();
pm.test("[query plans] HTTP transport is ok", function () {
    pm.expect(pm.response.code, "GraphQL responses are HTTP 200 even when the data field carries errors").to.be.below(500);
});
pm.test("[query plans] GraphQL errors are well-formed and not a total failure", function () {
    var errors = gqlBody.errors;
    if (errors === undefined || errors === null) return;
    pm.expect(errors, "GraphQL 'errors' must be an array when present").to.be.an("array");
    errors.forEach(function (err) { pm.expect(err, "each GraphQL error must carry a message").to.be.an("object").that.has.property("message"); });
    var hasData = gqlBody.data !== undefined && gqlBody.data !== null;
    if (!hasData && errors.length > 0) { pm.expect.fail("GraphQL request returned errors and no data: " + JSON.stringify(errors)); }
});
pm.test("[query plans] data.plans is present", function () {
    pm.expect(gqlBody.data, "response has no data object").to.exist;
    pm.expect(gqlBody.data, "data is missing field 'plans'").to.have.property("plans");
    pm.expect(gqlBody.data["plans"], "plans is declared non-null but was null").to.not.be.null;
});
pm.test("[query plans] data.plans matches schema return type", function () {
    var value = gqlBody.data && gqlBody.data["plans"];
    if (value === undefined || value === null) return;
    pm.expect(value, "query.plans: expected a list").to.be.an("array");
    value.forEach(function (__el) {
        pm.expect(__el, "query.plans (list element): expected Plan object").to.be.an("object");
        if (__el["dataCapGb"] !== undefined && __el["dataCapGb"] !== null) {
            pm.expect(__el["dataCapGb"], "query.plans (list element).dataCapGb: expected Int scalar").to.be.a("number");
            pm.expect(Number.isInteger(__el["dataCapGb"]) && __el["dataCapGb"] >= -2147483648 && __el["dataCapGb"] <= 2147483647, "query.plans (list element).dataCapGb: Int must be a signed 32-bit integer").to.equal(true);
        }
        pm.expect(__el, "Plan is missing non-null field 'id'").to.have.property("id");
        if (__el["id"] !== undefined && __el["id"] !== null) {
            pm.expect(__el["id"], "query.plans (list element).id: expected ID scalar (serialized as a string)").to.be.a("string");
        }
        pm.expect(__el, "Plan is missing non-null field 'monthlyPriceCents'").to.have.property("monthlyPriceCents");
        if (__el["monthlyPriceCents"] !== undefined && __el["monthlyPriceCents"] !== null) {
            pm.expect(__el["monthlyPriceCents"], "query.plans (list element).monthlyPriceCents: expected Int scalar").to.be.a("number");
            pm.expect(Number.isInteger(__el["monthlyPriceCents"]) && __el["monthlyPriceCents"] >= -2147483648 && __el["monthlyPriceCents"] <= 2147483647, "query.plans (list element).monthlyPriceCents: Int must be a signed 32-bit integer").to.equal(true);
        }
        pm.expect(__el, "Plan is missing non-null field 'name'").to.have.property("name");
        if (__el["name"] !== undefined && __el["name"] !== null) {
            pm.expect(__el["name"], "query.plans (list element).name: expected String scalar (serialized as a string)").to.be.a("string");
        }
    });
});",
    "id": "query.plans",
  },
  {
    "exec": "var gqlBody = (function () { try { return pm.response.json() || {}; } catch (e) { return {}; } })();
pm.test("[query subscriber] HTTP transport is ok", function () {
    pm.expect(pm.response.code, "GraphQL responses are HTTP 200 even when the data field carries errors").to.be.below(500);
});
pm.test("[query subscriber] GraphQL errors are well-formed and not a total failure", function () {
    var errors = gqlBody.errors;
    if (errors === undefined || errors === null) return;
    pm.expect(errors, "GraphQL 'errors' must be an array when present").to.be.an("array");
    errors.forEach(function (err) { pm.expect(err, "each GraphQL error must carry a message").to.be.an("object").that.has.property("message"); });
    var hasData = gqlBody.data !== undefined && gqlBody.data !== null;
    if (!hasData && errors.length > 0) { pm.expect.fail("GraphQL request returned errors and no data: " + JSON.stringify(errors)); }
});
pm.test("[query subscriber] data.subscriber is present", function () {
    pm.expect(gqlBody.data, "response has no data object").to.exist;
    pm.expect(gqlBody.data, "data is missing field 'subscriber'").to.have.property("subscriber");
});
pm.test("[query subscriber] data.subscriber matches schema return type", function () {
    var value = gqlBody.data && gqlBody.data["subscriber"];
    if (value === undefined || value === null) return;
    pm.expect(value, "query.subscriber: expected Subscriber object").to.be.an("object");
    pm.expect(value, "Subscriber is missing non-null field 'displayName'").to.have.property("displayName");
    if (value["displayName"] !== undefined && value["displayName"] !== null) {
        pm.expect(value["displayName"], "query.subscriber.displayName: expected String scalar (serialized as a string)").to.be.a("string");
    }
    if (value["email"] !== undefined && value["email"] !== null) {
        pm.expect(value["email"], "query.subscriber.email: expected String scalar (serialized as a string)").to.be.a("string");
    }
    pm.expect(value, "Subscriber is missing non-null field 'id'").to.have.property("id");
    if (value["id"] !== undefined && value["id"] !== null) {
        pm.expect(value["id"], "query.subscriber.id: expected ID scalar (serialized as a string)").to.be.a("string");
    }
});
pm.test("[query subscriber] required variables are supplied", function () {
    var body = (pm.request && pm.request.body) || {};
    var raw = (body.graphql && body.graphql.variables) || body.raw || {};
    var vars = {};
    try { vars = typeof raw === "string" ? (raw ? JSON.parse(raw) : {}) : raw; }
    catch (e) { vars = {}; }
    if (vars && vars.variables !== undefined) { vars = vars.variables; }
    if (typeof vars === "string") { try { vars = JSON.parse(vars); } catch (e2) { vars = {}; } }
    var required = ["id"];
    required.forEach(function (name) {
        pm.expect(vars, "required GraphQL variable '" + name + "' was not supplied in the request").to.have.property(name);
    });
});",
    "id": "query.subscriber",
  },
  {
    "exec": "var gqlBody = (function () { try { return pm.response.json() || {}; } catch (e) { return {}; } })();
pm.test("[query subscribers] HTTP transport is ok", function () {
    pm.expect(pm.response.code, "GraphQL responses are HTTP 200 even when the data field carries errors").to.be.below(500);
});
pm.test("[query subscribers] GraphQL errors are well-formed and not a total failure", function () {
    var errors = gqlBody.errors;
    if (errors === undefined || errors === null) return;
    pm.expect(errors, "GraphQL 'errors' must be an array when present").to.be.an("array");
    errors.forEach(function (err) { pm.expect(err, "each GraphQL error must carry a message").to.be.an("object").that.has.property("message"); });
    var hasData = gqlBody.data !== undefined && gqlBody.data !== null;
    if (!hasData && errors.length > 0) { pm.expect.fail("GraphQL request returned errors and no data: " + JSON.stringify(errors)); }
});
pm.test("[query subscribers] data.subscribers is present", function () {
    pm.expect(gqlBody.data, "response has no data object").to.exist;
    pm.expect(gqlBody.data, "data is missing field 'subscribers'").to.have.property("subscribers");
    pm.expect(gqlBody.data["subscribers"], "subscribers is declared non-null but was null").to.not.be.null;
});
pm.test("[query subscribers] data.subscribers matches schema return type", function () {
    var value = gqlBody.data && gqlBody.data["subscribers"];
    if (value === undefined || value === null) return;
    pm.expect(value, "query.subscribers: expected a list").to.be.an("array");
    value.forEach(function (__el) {
        pm.expect(__el, "query.subscribers (list element): expected Subscriber object").to.be.an("object");
        pm.expect(__el, "Subscriber is missing non-null field 'displayName'").to.have.property("displayName");
        if (__el["displayName"] !== undefined && __el["displayName"] !== null) {
            pm.expect(__el["displayName"], "query.subscribers (list element).displayName: expected String scalar (serialized as a string)").to.be.a("string");
        }
        if (__el["email"] !== undefined && __el["email"] !== null) {
            pm.expect(__el["email"], "query.subscribers (list element).email: expected String scalar (serialized as a string)").to.be.a("string");
        }
        pm.expect(__el, "Subscriber is missing non-null field 'id'").to.have.property("id");
        if (__el["id"] !== undefined && __el["id"] !== null) {
            pm.expect(__el["id"], "query.subscribers (list element).id: expected ID scalar (serialized as a string)").to.be.a("string");
        }
    });
});",
    "id": "query.subscribers",
  },
  {
    "exec": "var gqlBody = (function () { try { return pm.response.json() || {}; } catch (e) { return {}; } })();
pm.test("[mutation provisionLine] HTTP transport is ok", function () {
    pm.expect(pm.response.code, "GraphQL responses are HTTP 200 even when the data field carries errors").to.be.below(500);
});
pm.test("[mutation provisionLine] GraphQL errors are well-formed and not a total failure", function () {
    var errors = gqlBody.errors;
    if (errors === undefined || errors === null) return;
    pm.expect(errors, "GraphQL 'errors' must be an array when present").to.be.an("array");
    errors.forEach(function (err) { pm.expect(err, "each GraphQL error must carry a message").to.be.an("object").that.has.property("message"); });
    var hasData = gqlBody.data !== undefined && gqlBody.data !== null;
    if (!hasData && errors.length > 0) { pm.expect.fail("GraphQL request returned errors and no data: " + JSON.stringify(errors)); }
});
pm.test("[mutation provisionLine] data.provisionLine is present", function () {
    pm.expect(gqlBody.data, "response has no data object").to.exist;
    pm.expect(gqlBody.data, "data is missing field 'provisionLine'").to.have.property("provisionLine");
    pm.expect(gqlBody.data["provisionLine"], "provisionLine is declared non-null but was null").to.not.be.null;
});
pm.test("[mutation provisionLine] data.provisionLine matches schema return type", function () {
    var value = gqlBody.data && gqlBody.data["provisionLine"];
    if (value === undefined || value === null) return;
    pm.expect(value, "mutation.provisionLine: expected Line object").to.be.an("object");
    pm.expect(value, "Line is missing non-null field 'id'").to.have.property("id");
    if (value["id"] !== undefined && value["id"] !== null) {
        pm.expect(value["id"], "mutation.provisionLine.id: expected ID scalar (serialized as a string)").to.be.a("string");
    }
    pm.expect(value, "Line is missing non-null field 'msisdn'").to.have.property("msisdn");
    if (value["msisdn"] !== undefined && value["msisdn"] !== null) {
        pm.expect(value["msisdn"], "mutation.provisionLine.msisdn: expected String scalar (serialized as a string)").to.be.a("string");
    }
    pm.expect(value, "Line is missing non-null field 'status'").to.have.property("status");
    if (value["status"] !== undefined && value["status"] !== null) {
        pm.expect(value["status"], "mutation.provisionLine.status: expected enum LineStatus as string").to.be.a("string");
        pm.expect(value["status"], "mutation.provisionLine.status: value is not a member of enum LineStatus").to.be.oneOf(["ACTIVE","SUSPENDED","PORTING"]);
    }
});
pm.test("[mutation provisionLine] required variables are supplied", function () {
    var body = (pm.request && pm.request.body) || {};
    var raw = (body.graphql && body.graphql.variables) || body.raw || {};
    var vars = {};
    try { vars = typeof raw === "string" ? (raw ? JSON.parse(raw) : {}) : raw; }
    catch (e) { vars = {}; }
    if (vars && vars.variables !== undefined) { vars = vars.variables; }
    if (typeof vars === "string") { try { vars = JSON.parse(vars); } catch (e2) { vars = {}; } }
    var required = ["input"];
    required.forEach(function (name) {
        pm.expect(vars, "required GraphQL variable '" + name + "' was not supplied in the request").to.have.property(name);
    });
});",
    "id": "mutation.provisionLine",
  },
  {
    "exec": "var gqlBody = (function () { try { return pm.response.json() || {}; } catch (e) { return {}; } })();
pm.test("[mutation suspendLine] HTTP transport is ok", function () {
    pm.expect(pm.response.code, "GraphQL responses are HTTP 200 even when the data field carries errors").to.be.below(500);
});
pm.test("[mutation suspendLine] GraphQL errors are well-formed and not a total failure", function () {
    var errors = gqlBody.errors;
    if (errors === undefined || errors === null) return;
    pm.expect(errors, "GraphQL 'errors' must be an array when present").to.be.an("array");
    errors.forEach(function (err) { pm.expect(err, "each GraphQL error must carry a message").to.be.an("object").that.has.property("message"); });
    var hasData = gqlBody.data !== undefined && gqlBody.data !== null;
    if (!hasData && errors.length > 0) { pm.expect.fail("GraphQL request returned errors and no data: " + JSON.stringify(errors)); }
});
pm.test("[mutation suspendLine] data.suspendLine is present", function () {
    pm.expect(gqlBody.data, "response has no data object").to.exist;
    pm.expect(gqlBody.data, "data is missing field 'suspendLine'").to.have.property("suspendLine");
    pm.expect(gqlBody.data["suspendLine"], "suspendLine is declared non-null but was null").to.not.be.null;
});
pm.test("[mutation suspendLine] data.suspendLine matches schema return type", function () {
    var value = gqlBody.data && gqlBody.data["suspendLine"];
    if (value === undefined || value === null) return;
    pm.expect(value, "mutation.suspendLine: expected Line object").to.be.an("object");
    pm.expect(value, "Line is missing non-null field 'id'").to.have.property("id");
    if (value["id"] !== undefined && value["id"] !== null) {
        pm.expect(value["id"], "mutation.suspendLine.id: expected ID scalar (serialized as a string)").to.be.a("string");
    }
    pm.expect(value, "Line is missing non-null field 'msisdn'").to.have.property("msisdn");
    if (value["msisdn"] !== undefined && value["msisdn"] !== null) {
        pm.expect(value["msisdn"], "mutation.suspendLine.msisdn: expected String scalar (serialized as a string)").to.be.a("string");
    }
    pm.expect(value, "Line is missing non-null field 'status'").to.have.property("status");
    if (value["status"] !== undefined && value["status"] !== null) {
        pm.expect(value["status"], "mutation.suspendLine.status: expected enum LineStatus as string").to.be.a("string");
        pm.expect(value["status"], "mutation.suspendLine.status: value is not a member of enum LineStatus").to.be.oneOf(["ACTIVE","SUSPENDED","PORTING"]);
    }
});
pm.test("[mutation suspendLine] required variables are supplied", function () {
    var body = (pm.request && pm.request.body) || {};
    var raw = (body.graphql && body.graphql.variables) || body.raw || {};
    var vars = {};
    try { vars = typeof raw === "string" ? (raw ? JSON.parse(raw) : {}) : raw; }
    catch (e) { vars = {}; }
    if (vars && vars.variables !== undefined) { vars = vars.variables; }
    if (typeof vars === "string") { try { vars = JSON.parse(vars); } catch (e2) { vars = {}; } }
    var required = ["id"];
    required.forEach(function (name) {
        pm.expect(vars, "required GraphQL variable '" + name + "' was not supplied in the request").to.have.property(name);
    });
});",
    "id": "mutation.suspendLine",
  },
  {
    "exec": "var gqlBody = (function () { try { return pm.response.json() || {}; } catch (e) { return {}; } })();
pm.test("[subscription lineStatusChanged] HTTP transport is ok", function () {
    pm.expect(pm.response.code, "GraphQL responses are HTTP 200 even when the data field carries errors").to.be.below(500);
});
pm.test("[subscription lineStatusChanged] GraphQL errors are well-formed and not a total failure", function () {
    var errors = gqlBody.errors;
    if (errors === undefined || errors === null) return;
    pm.expect(errors, "GraphQL 'errors' must be an array when present").to.be.an("array");
    errors.forEach(function (err) { pm.expect(err, "each GraphQL error must carry a message").to.be.an("object").that.has.property("message"); });
    var hasData = gqlBody.data !== undefined && gqlBody.data !== null;
    if (!hasData && errors.length > 0) { pm.expect.fail("GraphQL request returned errors and no data: " + JSON.stringify(errors)); }
});
pm.test("[subscription lineStatusChanged] data.lineStatusChanged is present", function () {
    pm.expect(gqlBody.data, "response has no data object").to.exist;
    pm.expect(gqlBody.data, "data is missing field 'lineStatusChanged'").to.have.property("lineStatusChanged");
    pm.expect(gqlBody.data["lineStatusChanged"], "lineStatusChanged is declared non-null but was null").to.not.be.null;
});
pm.test("[subscription lineStatusChanged] data.lineStatusChanged matches schema return type", function () {
    var value = gqlBody.data && gqlBody.data["lineStatusChanged"];
    if (value === undefined || value === null) return;
    pm.expect(value, "subscription.lineStatusChanged: expected Line object").to.be.an("object");
    pm.expect(value, "Line is missing non-null field 'id'").to.have.property("id");
    if (value["id"] !== undefined && value["id"] !== null) {
        pm.expect(value["id"], "subscription.lineStatusChanged.id: expected ID scalar (serialized as a string)").to.be.a("string");
    }
    pm.expect(value, "Line is missing non-null field 'msisdn'").to.have.property("msisdn");
    if (value["msisdn"] !== undefined && value["msisdn"] !== null) {
        pm.expect(value["msisdn"], "subscription.lineStatusChanged.msisdn: expected String scalar (serialized as a string)").to.be.a("string");
    }
    pm.expect(value, "Line is missing non-null field 'status'").to.have.property("status");
    if (value["status"] !== undefined && value["status"] !== null) {
        pm.expect(value["status"], "subscription.lineStatusChanged.status: expected enum LineStatus as string").to.be.a("string");
        pm.expect(value["status"], "subscription.lineStatusChanged.status: value is not a member of enum LineStatus").to.be.oneOf(["ACTIVE","SUSPENDED","PORTING"]);
    }
});
pm.test("[subscription lineStatusChanged] required variables are supplied", function () {
    var body = (pm.request && pm.request.body) || {};
    var raw = (body.graphql && body.graphql.variables) || body.raw || {};
    var vars = {};
    try { vars = typeof raw === "string" ? (raw ? JSON.parse(raw) : {}) : raw; }
    catch (e) { vars = {}; }
    if (vars && vars.variables !== undefined) { vars = vars.variables; }
    if (typeof vars === "string") { try { vars = JSON.parse(vars); } catch (e2) { vars = {}; } }
    var required = ["subscriberId"];
    required.forEach(function (name) {
        pm.expect(vars, "required GraphQL variable '" + name + "' was not supplied in the request").to.have.property(name);
    });
});",
    "id": "subscription.lineStatusChanged",
  },
]
`;
